2026-03-31T17:55:46.878086Z 0 [System] [MY-015017] [Server] MySQL Server Initialization - start.
2026-03-31T17:55:46.888278Z 0 [System] [MY-013169] [Server] C:\laragon\bin\mysql\mysql-8.4.3-winx64\bin\mysqld.exe (mysqld 8.4.3) initializing of server in progress as process 9112
2026-03-31T17:55:46.948028Z 1 [System] [MY-013576] [InnoDB] InnoDB initialization has started.
2026-03-31T17:55:47.439915Z 1 [System] [MY-013577] [InnoDB] InnoDB initialization has ended.
2026-03-31T17:55:49.464895Z 0 [Warning] [MY-013829] [Server] Missing data directory for ICU regular expressions: C:\laragon\bin\mysql\mysql-8.4.3-winx64\lib\private\.
2026-03-31T17:55:50.586379Z 6 [Warning] [MY-010453] [Server] root@localhost is created with an empty password ! Please consider switching off the --initialize-insecure option.
2026-03-31T17:55:54.231877Z 0 [System] [MY-015018] [Server] MySQL Server Initialization - end.
2026-04-01T05:50:25.199129Z 0 [System] [MY-015015] [Server] MySQL Server - start.
2026-04-01T05:50:25.508435Z 0 [Warning] [MY-010097] [Server] Insecure configuration for --secure-file-priv: Current value does not restrict location of generated files. Consider setting it to a valid, non-empty path.
2026-04-01T05:50:25.508607Z 0 [System] [MY-010116] [Server] C:\Users\HUNG\Desktop\TDZ env\bin\mysql\mysql-8.4.3-winx64\bin\mysqld.exe (mysqld 8.4.3) starting as process 16608
2026-04-01T05:50:25.617031Z 1 [System] [MY-013576] [InnoDB] InnoDB initialization has started.
2026-04-01T05:50:26.963178Z 1 [System] [MY-013577] [InnoDB] InnoDB initialization has ended.
2026-04-01T05:50:30.803143Z 0 [Warning] [MY-013829] [Server] Missing data directory for ICU regular expressions: C:\Users\HUNG\Desktop\TDZ env\bin\mysql\mysql-8.4.3-winx64\lib\private\.
2026-04-01T05:50:30.885756Z 0 [Warning] [MY-010068] [Server] CA certificate ca.pem is self signed.
2026-04-01T05:50:30.887375Z 0 [System] [MY-013602] [Server] Channel mysql_main configured to support TLS. Encrypted connections are now supported for this channel.
2026-04-01T05:50:31.324324Z 0 [System] [MY-010931] [Server] C:\Users\HUNG\Desktop\TDZ env\bin\mysql\mysql-8.4.3-winx64\bin\mysqld.exe: ready for connections. Version: '8.4.3'  socket: ''  port: 3306  MySQL Community Server - GPL.
2026-04-01T05:50:31.324571Z 0 [System] [MY-011323] [Server] X Plugin ready for connections. Bind-address: '::' port: 33060
2026-04-01T06:05:06.811790Z 8 [System] [MY-013172] [Server] Received SHUTDOWN from user root. Shutting down mysqld (Version: 8.4.3).
2026-04-01T06:05:06.819984Z 0 [System] [MY-013105] [Server] C:\Users\HUNG\Desktop\TDZ env\bin\mysql\mysql-8.4.3-winx64\bin\mysqld.exe: Normal shutdown.
2026-04-01T06:05:07.972731Z 0 [System] [MY-010910] [Server] C:\Users\HUNG\Desktop\TDZ env\bin\mysql\mysql-8.4.3-winx64\bin\mysqld.exe: Shutdown complete (mysqld 8.4.3)  MySQL Community Server - GPL.
2026-04-01T06:05:07.974249Z 0 [System] [MY-015016] [Server] MySQL Server - end.
2026-04-02T02:08:10.914073Z 0 [System] [MY-015015] [Server] MySQL Server - start.
2026-04-02T02:08:11.166995Z 0 [Warning] [MY-010097] [Server] Insecure configuration for --secure-file-priv: Current value does not restrict location of generated files. Consider setting it to a valid, non-empty path.
2026-04-02T02:08:11.170861Z 0 [System] [MY-010116] [Server] C:\Users\HUNG\Desktop\TDZ env\bin\mysql\mysql-8.4.3-winx64\bin\mysqld.exe (mysqld 8.4.3) starting as process 14056
2026-04-02T02:08:11.399447Z 1 [System] [MY-013576] [InnoDB] InnoDB initialization has started.
2026-04-02T02:08:15.172977Z 1 [System] [MY-013577] [InnoDB] InnoDB initialization has ended.
2026-04-02T02:08:16.773625Z 0 [Warning] [MY-013829] [Server] Missing data directory for ICU regular expressions: C:\Users\HUNG\Desktop\TDZ env\bin\mysql\mysql-8.4.3-winx64\lib\private\.
2026-04-02T02:08:16.913003Z 0 [Warning] [MY-010068] [Server] CA certificate ca.pem is self signed.
2026-04-02T02:08:16.914624Z 0 [System] [MY-013602] [Server] Channel mysql_main configured to support TLS. Encrypted connections are now supported for this channel.
2026-04-02T02:08:17.718732Z 0 [System] [MY-011323] [Server] X Plugin ready for connections. Bind-address: '::' port: 33060
2026-04-02T02:08:17.718298Z 0 [System] [MY-010931] [Server] C:\Users\HUNG\Desktop\TDZ env\bin\mysql\mysql-8.4.3-winx64\bin\mysqld.exe: ready for connections. Version: '8.4.3'  socket: ''  port: 3306  MySQL Community Server - GPL.
2026-04-02T02:09:33.601862Z 8 [System] [MY-013172] [Server] Received SHUTDOWN from user root. Shutting down mysqld (Version: 8.4.3).
2026-04-02T02:09:33.603089Z 0 [System] [MY-013105] [Server] C:\Users\HUNG\Desktop\TDZ env\bin\mysql\mysql-8.4.3-winx64\bin\mysqld.exe: Normal shutdown.
2026-04-02T02:32:46.997237Z 0 [System] [MY-015015] [Server] MySQL Server - start.
2026-04-02T02:32:47.102815Z 0 [Warning] [MY-010097] [Server] Insecure configuration for --secure-file-priv: Current value does not restrict location of generated files. Consider setting it to a valid, non-empty path.
2026-04-02T02:32:47.103877Z 0 [System] [MY-010116] [Server] C:\Users\HUNG\Desktop\TDZ env\bin\mysql\mysql-8.4.3-winx64\bin\mysqld.exe (mysqld 8.4.3) starting as process 976
2026-04-02T02:32:47.313728Z 1 [System] [MY-013576] [InnoDB] InnoDB initialization has started.
2026-04-02T02:32:52.077288Z 1 [System] [MY-013577] [InnoDB] InnoDB initialization has ended.
2026-04-02T02:32:53.764050Z 0 [System] [MY-010229] [Server] Starting XA crash recovery...
2026-04-02T02:32:53.772289Z 0 [System] [MY-010232] [Server] XA crash recovery finished.
2026-04-02T02:32:54.002178Z 0 [Warning] [MY-013829] [Server] Missing data directory for ICU regular expressions: C:\Users\HUNG\Desktop\TDZ env\bin\mysql\mysql-8.4.3-winx64\lib\private\.
2026-04-02T02:32:54.180654Z 0 [Warning] [MY-010068] [Server] CA certificate ca.pem is self signed.
2026-04-02T02:32:54.181981Z 0 [System] [MY-013602] [Server] Channel mysql_main configured to support TLS. Encrypted connections are now supported for this channel.
2026-04-02T02:32:54.886016Z 0 [System] [MY-011323] [Server] X Plugin ready for connections. Bind-address: '::' port: 33060
2026-04-02T02:32:54.886431Z 0 [System] [MY-010931] [Server] C:\Users\HUNG\Desktop\TDZ env\bin\mysql\mysql-8.4.3-winx64\bin\mysqld.exe: ready for connections. Version: '8.4.3'  socket: ''  port: 3306  MySQL Community Server - GPL.
2026-04-02T03:18:22.495106Z 0 [System] [MY-015015] [Server] MySQL Server - start.
2026-04-02T03:18:22.598361Z 0 [Warning] [MY-010097] [Server] Insecure configuration for --secure-file-priv: Current value does not restrict location of generated files. Consider setting it to a valid, non-empty path.
2026-04-02T03:18:22.599043Z 0 [System] [MY-010116] [Server] C:\Users\HUNG\Desktop\TDZ env\bin\mysql\mysql-8.4.3-winx64\bin\mysqld.exe (mysqld 8.4.3) starting as process 10776
2026-04-02T03:18:22.691983Z 1 [System] [MY-013576] [InnoDB] InnoDB initialization has started.
2026-04-02T03:18:24.877232Z 1 [System] [MY-013577] [InnoDB] InnoDB initialization has ended.
2026-04-02T03:18:26.433483Z 0 [System] [MY-010229] [Server] Starting XA crash recovery...
2026-04-02T03:18:26.441398Z 0 [System] [MY-010232] [Server] XA crash recovery finished.
2026-04-02T03:18:26.617233Z 0 [Warning] [MY-013829] [Server] Missing data directory for ICU regular expressions: C:\Users\HUNG\Desktop\TDZ env\bin\mysql\mysql-8.4.3-winx64\lib\private\.
2026-04-02T03:18:26.724675Z 0 [Warning] [MY-010068] [Server] CA certificate ca.pem is self signed.
2026-04-02T03:18:26.725537Z 0 [System] [MY-013602] [Server] Channel mysql_main configured to support TLS. Encrypted connections are now supported for this channel.
2026-04-02T03:18:27.520368Z 0 [System] [MY-011323] [Server] X Plugin ready for connections. Bind-address: '::' port: 33060
2026-04-02T03:18:27.520545Z 0 [System] [MY-010931] [Server] C:\Users\HUNG\Desktop\TDZ env\bin\mysql\mysql-8.4.3-winx64\bin\mysqld.exe: ready for connections. Version: '8.4.3'  socket: ''  port: 3306  MySQL Community Server - GPL.
2026-04-02T03:28:35.263700Z 0 [System] [MY-015015] [Server] MySQL Server - start.
2026-04-02T03:28:35.389806Z 0 [Warning] [MY-010097] [Server] Insecure configuration for --secure-file-priv: Current value does not restrict location of generated files. Consider setting it to a valid, non-empty path.
2026-04-02T03:28:35.389893Z 0 [System] [MY-010116] [Server] C:\Users\HUNG\Desktop\TDZ env\bin\mysql\mysql-8.4.3-winx64\bin\mysqld.exe (mysqld 8.4.3) starting as process 14924
2026-04-02T03:28:35.483861Z 1 [System] [MY-013576] [InnoDB] InnoDB initialization has started.
2026-04-02T03:28:36.421995Z 1 [System] [MY-013577] [InnoDB] InnoDB initialization has ended.
2026-04-02T03:28:37.699162Z 0 [System] [MY-010229] [Server] Starting XA crash recovery...
2026-04-02T03:28:37.705200Z 0 [System] [MY-010232] [Server] XA crash recovery finished.
2026-04-02T03:28:37.844348Z 0 [Warning] [MY-013829] [Server] Missing data directory for ICU regular expressions: C:\Users\HUNG\Desktop\TDZ env\bin\mysql\mysql-8.4.3-winx64\lib\private\.
2026-04-02T03:28:37.889416Z 0 [Warning] [MY-010068] [Server] CA certificate ca.pem is self signed.
2026-04-02T03:28:37.890768Z 0 [System] [MY-013602] [Server] Channel mysql_main configured to support TLS. Encrypted connections are now supported for this channel.
2026-04-02T03:28:38.025763Z 0 [System] [MY-011323] [Server] X Plugin ready for connections. Bind-address: '::' port: 33060
2026-04-02T03:28:38.025928Z 0 [System] [MY-010931] [Server] C:\Users\HUNG\Desktop\TDZ env\bin\mysql\mysql-8.4.3-winx64\bin\mysqld.exe: ready for connections. Version: '8.4.3'  socket: ''  port: 3306  MySQL Community Server - GPL.
2026-04-02T03:40:30.441956Z 0 [System] [MY-015015] [Server] MySQL Server - start.
2026-04-02T03:40:30.613183Z 0 [Warning] [MY-010097] [Server] Insecure configuration for --secure-file-priv: Current value does not restrict location of generated files. Consider setting it to a valid, non-empty path.
2026-04-02T03:40:30.613240Z 0 [System] [MY-010116] [Server] c:\Users\HUNG\Desktop\TDZ env\bin\mysql\mysql-8.4.3-winx64\bin\mysqld.exe (mysqld 8.4.3) starting as process 6400
2026-04-02T03:40:30.646376Z 1 [System] [MY-013576] [InnoDB] InnoDB initialization has started.
2026-04-02T03:40:31.420998Z 1 [System] [MY-013577] [InnoDB] InnoDB initialization has ended.
2026-04-02T03:40:32.106680Z 0 [System] [MY-010229] [Server] Starting XA crash recovery...
2026-04-02T03:40:32.115283Z 0 [System] [MY-010232] [Server] XA crash recovery finished.
2026-04-02T03:40:32.261139Z 0 [Warning] [MY-013829] [Server] Missing data directory for ICU regular expressions: c:\Users\HUNG\Desktop\TDZ env\bin\mysql\mysql-8.4.3-winx64\lib\private\.
2026-04-02T03:40:32.284667Z 0 [Warning] [MY-010068] [Server] CA certificate ca.pem is self signed.
2026-04-02T03:40:32.285461Z 0 [System] [MY-013602] [Server] Channel mysql_main configured to support TLS. Encrypted connections are now supported for this channel.
2026-04-02T03:40:32.382511Z 0 [System] [MY-011323] [Server] X Plugin ready for connections. Bind-address: '::' port: 33060
2026-04-02T03:40:32.382609Z 0 [System] [MY-010931] [Server] c:\Users\HUNG\Desktop\TDZ env\bin\mysql\mysql-8.4.3-winx64\bin\mysqld.exe: ready for connections. Version: '8.4.3'  socket: ''  port: 3306  MySQL Community Server - GPL.
2026-04-02T03:41:36.582591Z 0 [System] [MY-015015] [Server] MySQL Server - start.
2026-04-02T03:41:36.741730Z 0 [Warning] [MY-010097] [Server] Insecure configuration for --secure-file-priv: Current value does not restrict location of generated files. Consider setting it to a valid, non-empty path.
2026-04-02T03:41:36.741825Z 0 [System] [MY-010116] [Server] c:\Users\HUNG\Desktop\TDZ env\bin\mysql\mysql-8.4.3-winx64\bin\mysqld.exe (mysqld 8.4.3) starting as process 4508
2026-04-02T03:41:36.933530Z 1 [System] [MY-013576] [InnoDB] InnoDB initialization has started.
2026-04-02T03:41:38.479459Z 1 [System] [MY-013577] [InnoDB] InnoDB initialization has ended.
2026-04-02T03:42:10.740466Z 0 [System] [MY-015015] [Server] MySQL Server - start.
2026-04-02T03:42:11.006903Z 0 [Warning] [MY-010097] [Server] Insecure configuration for --secure-file-priv: Current value does not restrict location of generated files. Consider setting it to a valid, non-empty path.
2026-04-02T03:42:11.006973Z 0 [System] [MY-010116] [Server] c:\Users\HUNG\Desktop\TDZ env\bin\mysql\mysql-8.4.3-winx64\bin\mysqld.exe (mysqld 8.4.3) starting as process 15172
2026-04-02T03:42:11.121645Z 1 [System] [MY-013576] [InnoDB] InnoDB initialization has started.
2026-04-02T03:42:12.664737Z 1 [System] [MY-013577] [InnoDB] InnoDB initialization has ended.
2026-04-02T03:42:13.571407Z 0 [System] [MY-010229] [Server] Starting XA crash recovery...
2026-04-02T03:42:13.578842Z 0 [System] [MY-010232] [Server] XA crash recovery finished.
2026-04-02T03:42:13.736675Z 0 [Warning] [MY-013829] [Server] Missing data directory for ICU regular expressions: c:\Users\HUNG\Desktop\TDZ env\bin\mysql\mysql-8.4.3-winx64\lib\private\.
2026-04-02T03:42:13.756262Z 0 [Warning] [MY-010068] [Server] CA certificate ca.pem is self signed.
2026-04-02T03:42:13.756906Z 0 [System] [MY-013602] [Server] Channel mysql_main configured to support TLS. Encrypted connections are now supported for this channel.
2026-04-02T03:42:13.836701Z 0 [System] [MY-011323] [Server] X Plugin ready for connections. Bind-address: '::' port: 33060
2026-04-02T03:42:13.836794Z 0 [System] [MY-010931] [Server] c:\Users\HUNG\Desktop\TDZ env\bin\mysql\mysql-8.4.3-winx64\bin\mysqld.exe: ready for connections. Version: '8.4.3'  socket: ''  port: 3306  MySQL Community Server - GPL.
2026-04-02T03:48:37.334279Z 0 [System] [MY-015015] [Server] MySQL Server - start.
2026-04-02T03:48:37.430740Z 0 [Warning] [MY-010097] [Server] Insecure configuration for --secure-file-priv: Current value does not restrict location of generated files. Consider setting it to a valid, non-empty path.
2026-04-02T03:48:37.430821Z 0 [System] [MY-010116] [Server] C:\Users\HUNG\Desktop\TDZ env\bin\mysql\mysql-8.4.3-winx64\bin\mysqld.exe (mysqld 8.4.3) starting as process 13880
2026-04-02T03:48:37.493810Z 1 [System] [MY-013576] [InnoDB] InnoDB initialization has started.
2026-04-02T03:48:38.362048Z 1 [System] [MY-013577] [InnoDB] InnoDB initialization has ended.
2026-04-02T03:48:39.449276Z 0 [System] [MY-010229] [Server] Starting XA crash recovery...
2026-04-02T03:48:39.456347Z 0 [System] [MY-010232] [Server] XA crash recovery finished.
2026-04-02T03:48:39.626022Z 0 [Warning] [MY-013829] [Server] Missing data directory for ICU regular expressions: C:\Users\HUNG\Desktop\TDZ env\bin\mysql\mysql-8.4.3-winx64\lib\private\.
2026-04-02T03:48:39.663897Z 0 [Warning] [MY-010068] [Server] CA certificate ca.pem is self signed.
2026-04-02T03:48:39.664903Z 0 [System] [MY-013602] [Server] Channel mysql_main configured to support TLS. Encrypted connections are now supported for this channel.
2026-04-02T03:48:39.818725Z 0 [System] [MY-011323] [Server] X Plugin ready for connections. Bind-address: '::' port: 33060
2026-04-02T03:48:39.818950Z 0 [System] [MY-010931] [Server] C:\Users\HUNG\Desktop\TDZ env\bin\mysql\mysql-8.4.3-winx64\bin\mysqld.exe: ready for connections. Version: '8.4.3'  socket: ''  port: 3306  MySQL Community Server - GPL.
2026-04-02T04:24:10.137343Z 0 [System] [MY-015015] [Server] MySQL Server - start.
2026-04-02T04:24:10.311700Z 0 [Warning] [MY-010097] [Server] Insecure configuration for --secure-file-priv: Current value does not restrict location of generated files. Consider setting it to a valid, non-empty path.
2026-04-02T04:24:10.313395Z 0 [System] [MY-010116] [Server] C:\Users\HUNG\Desktop\TDZ env\bin\mysql\mysql-8.4.3-winx64\bin\mysqld.exe (mysqld 8.4.3) starting as process 15336
2026-04-02T04:24:10.523616Z 1 [System] [MY-013576] [InnoDB] InnoDB initialization has started.
2026-04-02T04:24:15.543427Z 1 [System] [MY-013577] [InnoDB] InnoDB initialization has ended.
2026-04-02T04:24:17.699858Z 0 [System] [MY-010229] [Server] Starting XA crash recovery...
2026-04-02T04:24:17.709977Z 0 [System] [MY-010232] [Server] XA crash recovery finished.
2026-04-02T04:24:17.841648Z 0 [Warning] [MY-013829] [Server] Missing data directory for ICU regular expressions: C:\Users\HUNG\Desktop\TDZ env\bin\mysql\mysql-8.4.3-winx64\lib\private\.
2026-04-02T04:24:18.038609Z 0 [Warning] [MY-010068] [Server] CA certificate ca.pem is self signed.
2026-04-02T04:24:18.040048Z 0 [System] [MY-013602] [Server] Channel mysql_main configured to support TLS. Encrypted connections are now supported for this channel.
2026-04-02T04:24:19.103180Z 0 [System] [MY-011323] [Server] X Plugin ready for connections. Bind-address: '::' port: 33060
2026-04-02T04:24:19.103394Z 0 [System] [MY-010931] [Server] C:\Users\HUNG\Desktop\TDZ env\bin\mysql\mysql-8.4.3-winx64\bin\mysqld.exe: ready for connections. Version: '8.4.3'  socket: ''  port: 3306  MySQL Community Server - GPL.
2026-04-02T05:04:34.677004Z 0 [System] [MY-015015] [Server] MySQL Server - start.
2026-04-02T05:04:34.772185Z 0 [Warning] [MY-010097] [Server] Insecure configuration for --secure-file-priv: Current value does not restrict location of generated files. Consider setting it to a valid, non-empty path.
2026-04-02T05:04:34.772287Z 0 [System] [MY-010116] [Server] C:\Users\HUNG\Desktop\TDZ env\bin\mysql\mysql-8.4.3-winx64\bin\mysqld.exe (mysqld 8.4.3) starting as process 17008
2026-04-02T05:04:34.883793Z 1 [System] [MY-013576] [InnoDB] InnoDB initialization has started.
2026-04-02T05:04:39.585504Z 1 [System] [MY-013577] [InnoDB] InnoDB initialization has ended.
2026-04-02T05:04:41.409629Z 0 [System] [MY-010229] [Server] Starting XA crash recovery...
2026-04-02T05:04:41.426987Z 0 [System] [MY-010232] [Server] XA crash recovery finished.
2026-04-02T05:04:41.626525Z 0 [Warning] [MY-013829] [Server] Missing data directory for ICU regular expressions: C:\Users\HUNG\Desktop\TDZ env\bin\mysql\mysql-8.4.3-winx64\lib\private\.
2026-04-02T05:04:41.792067Z 0 [Warning] [MY-010068] [Server] CA certificate ca.pem is self signed.
2026-04-02T05:04:41.793600Z 0 [System] [MY-013602] [Server] Channel mysql_main configured to support TLS. Encrypted connections are now supported for this channel.
2026-04-02T05:04:42.163111Z 0 [System] [MY-011323] [Server] X Plugin ready for connections. Bind-address: '::' port: 33060
2026-04-02T05:04:42.163473Z 0 [System] [MY-010931] [Server] C:\Users\HUNG\Desktop\TDZ env\bin\mysql\mysql-8.4.3-winx64\bin\mysqld.exe: ready for connections. Version: '8.4.3'  socket: ''  port: 3306  MySQL Community Server - GPL.
2026-04-02T05:14:31.483582Z 0 [System] [MY-015015] [Server] MySQL Server - start.
2026-04-02T05:14:31.612115Z 0 [Warning] [MY-010097] [Server] Insecure configuration for --secure-file-priv: Current value does not restrict location of generated files. Consider setting it to a valid, non-empty path.
2026-04-02T05:14:31.612209Z 0 [System] [MY-010116] [Server] C:\Users\HUNG\Desktop\TDZ env\bin\mysql\mysql-8.4.3-winx64\bin\mysqld.exe (mysqld 8.4.3) starting as process 1164
2026-04-02T05:14:31.693594Z 1 [System] [MY-013576] [InnoDB] InnoDB initialization has started.
2026-04-02T05:14:33.394830Z 1 [System] [MY-013577] [InnoDB] InnoDB initialization has ended.
2026-04-02T05:14:36.553538Z 0 [System] [MY-010229] [Server] Starting XA crash recovery...
2026-04-02T05:14:36.563557Z 0 [System] [MY-010232] [Server] XA crash recovery finished.
2026-04-02T05:14:36.992416Z 0 [Warning] [MY-013829] [Server] Missing data directory for ICU regular expressions: C:\Users\HUNG\Desktop\TDZ env\bin\mysql\mysql-8.4.3-winx64\lib\private\.
2026-04-02T05:14:37.042196Z 0 [Warning] [MY-010068] [Server] CA certificate ca.pem is self signed.
2026-04-02T05:14:37.043731Z 0 [System] [MY-013602] [Server] Channel mysql_main configured to support TLS. Encrypted connections are now supported for this channel.
2026-04-02T05:14:37.842120Z 0 [System] [MY-011323] [Server] X Plugin ready for connections. Bind-address: '::' port: 33060
2026-04-02T05:14:37.842283Z 0 [System] [MY-010931] [Server] C:\Users\HUNG\Desktop\TDZ env\bin\mysql\mysql-8.4.3-winx64\bin\mysqld.exe: ready for connections. Version: '8.4.3'  socket: ''  port: 3306  MySQL Community Server - GPL.
2026-04-02T06:01:51.669164Z 0 [System] [MY-015015] [Server] MySQL Server - start.
2026-04-02T06:01:51.859655Z 0 [Warning] [MY-010097] [Server] Insecure configuration for --secure-file-priv: Current value does not restrict location of generated files. Consider setting it to a valid, non-empty path.
2026-04-02T06:01:51.859752Z 0 [System] [MY-010116] [Server] C:\Users\HUNG\Desktop\TDZ env\bin\mysql\mysql-8.4.3-winx64\bin\mysqld.exe (mysqld 8.4.3) starting as process 11996
2026-04-02T06:01:51.968619Z 1 [System] [MY-013576] [InnoDB] InnoDB initialization has started.
2026-04-02T06:01:53.152680Z 1 [System] [MY-013577] [InnoDB] InnoDB initialization has ended.
2026-04-02T06:01:54.577173Z 0 [System] [MY-010229] [Server] Starting XA crash recovery...
2026-04-02T06:01:54.585967Z 0 [System] [MY-010232] [Server] XA crash recovery finished.
2026-04-02T06:01:54.725593Z 0 [Warning] [MY-013829] [Server] Missing data directory for ICU regular expressions: C:\Users\HUNG\Desktop\TDZ env\bin\mysql\mysql-8.4.3-winx64\lib\private\.
2026-04-02T06:01:54.764667Z 0 [Warning] [MY-010068] [Server] CA certificate ca.pem is self signed.
2026-04-02T06:01:54.766068Z 0 [System] [MY-013602] [Server] Channel mysql_main configured to support TLS. Encrypted connections are now supported for this channel.
2026-04-02T06:01:55.076806Z 0 [System] [MY-011323] [Server] X Plugin ready for connections. Bind-address: '::' port: 33060
2026-04-02T06:01:55.077324Z 0 [System] [MY-010931] [Server] C:\Users\HUNG\Desktop\TDZ env\bin\mysql\mysql-8.4.3-winx64\bin\mysqld.exe: ready for connections. Version: '8.4.3'  socket: ''  port: 3306  MySQL Community Server - GPL.
